[myfreeinstagramfollowers.blogspot.com/2017/06/freeinstagramfolowers.html]
[backblue.gif]
[fade.gif]
[index.html]
[3.bp.blogspot.com/-Y45hd9it5H0/WMKmp9281hI/AAAAAAAAEcE/i2N3_-8IVMQv0Xwre1yWPhNaOVBbAXEfQCLcB/s1600/head-logo.png]
[2.bp.blogspot.com/-DaTwxlrDZlg/WNulJZLsGsI/AAAAAAAAEdo/lrfvm7G-H3E-c5u2aMrPN6mIvyazBkxXQCLcB/s1980/page.jpeg]
[myfreeinstagramfollowers.blogspot.com/2017/06/images/blockbullets.4.delayed]
[myfreeinstagramfollowers.blogspot.com/2017/06/images/searchicon.5.delayed]
[myfreeinstagramfollowers.blogspot.com/2017/06/images/postdateicon.6.delayed]
[myfreeinstagramfollowers.blogspot.com/2017/06/images/postauthoricon.7.delayed]
[myfreeinstagramfollowers.blogspot.com/2017/06/images/postediticon.8.delayed]
[myfreeinstagramfollowers.blogspot.com/2017/06/images/postbullets.9.delayed]
[myfreeinstagramfollowers.blogspot.com/2017/06/images/postquote.a.delayed]
[myfreeinstagramfollowers.blogspot.com/2017/06/images/footerrssicon.b.delayed]
[myfreeinstagramfollowers.blogspot.com/2017/06/images/footerfacebookicon.c.delayed]
[myfreeinstagramfollowers.blogspot.com/2017/06/images/footertwittericon.d.delayed]
[myfreeinstagramfollowers.blogspot.com/2017/06/images/tumblricon.e.delayed]
[myfreeinstagramfollowers.blogspot.com/2017/06/images/pinteresticon.f.delayed]
[myfreeinstagramfollowers.blogspot.com/2017/06/images/vimeoicon.10.delayed]
[myfreeinstagramfollowers.blogspot.com/2017/06/images/youtubeicon.11.delayed]
[myfreeinstagramfollowers.blogspot.com/2017/06/images/linkedinicon.12.delayed]
[myfreeinstagramfollowers.blogspot.com/2017/06/images/footerbullets.13.delayed]
[myfreeinstagramfollowers.blogspot.com/2017/06/images/preloader-01.14.delayed]
[code.jquery.com/jquery-migrate-1.1.1.min.js]
[myfreeinstagramfollowers.blogspot.com/2017/06/statcounter.com/counter/counter_xhtml.17.delayed]
[myfreeinstagramfollowers.blogspot.com/2017/06/images/index.html]
[myfreeinstagramfollowers.blogspot.com/2017/06/bravenet.com/counter/code.18.delayed]
[apis.google.com/js/plusone.js]
[code.jquery.com/jquery-1.9.1.min.js]
[pagead2.googlesyndication.com/pagead/js/f.txt]
[4.bp.blogspot.com/-YU3br1-Ziuc/WMKmsAvUsnI/AAAAAAAAEcU/kwc5y88erbYTuA6vPdFth0qgXnx4d_jUQCLcB/s1600/person-1.jpg]
[2.bp.blogspot.com/-v5r9jhdm2Mk/WMKm1AF9ecI/AAAAAAAAEck/RsFX_9SQsMMYPUI3gUZXOD4klML650vdwCLcB/s1600/will.png]
[2.bp.blogspot.com/-cj77Iz8AWP4/WMKmyKyRRFI/AAAAAAAAEcY/AH4zq965xLAWhvIEMkgXPGEOemz3BHS-QCLcB/s1600/person-2.jpg]
[3.bp.blogspot.com/-4WSd-u4p6p4/WMKmrbiE_II/AAAAAAAAEcQ/TtxCWTggA0Icp48fBAUJk0aqKjXfM209QCLcB/s1600/lori.png]
[3.bp.blogspot.com/-xkamjcepz9E/WMKmzBfSuJI/AAAAAAAAEcg/jNeK0vDG-fkh9rA-8vQQTdRU20SToc4LgCLcB/s1600/person-4.jpg]
[3.bp.blogspot.com/-xWUmQDtx9kE/WMKmp-DsyBI/AAAAAAAAEcI/M0-tViuFhxYUMOGWCidY0tXig7zvEGEawCLcB/s1600/gio.png]
[2.bp.blogspot.com/-8iPxGMgqQkY/WMKmouNQpuI/AAAAAAAAEcA/N1Vi0hFuHrkuhB1-QnaQPG6ZAqMluwqMwCLcB/s1600/Untitled-2.png]
[resources.blogblog.com/img/icon18_wrench_allbkg.png]
[pagead2.googlesyndication.com/pagead/js/f-2.txt]
[www.blogger.com/static/v1/widgets/2582377541-widgets.js]
[myfreeinstagramfollowers.blogspot.com/2017/06/freeinstagramfolowers.html]
[www.blogger.com/static/v1/widgets/763856997-widget_css_bundle.css]
[myfreeinstagramfollowers.blogspot.com/2017/06/images/blockbullets.html]
[myfreeinstagramfollowers.blogspot.com/2017/06/images/searchicon.html]
[myfreeinstagramfollowers.blogspot.com/2017/06/images/postdateicon.html]
[myfreeinstagramfollowers.blogspot.com/2017/06/images/postauthoricon.html]
[myfreeinstagramfollowers.blogspot.com/2017/06/images/postediticon.html]
[myfreeinstagramfollowers.blogspot.com/2017/06/images/postbullets.html]
[myfreeinstagramfollowers.blogspot.com/2017/06/images/postquote.html]
[myfreeinstagramfollowers.blogspot.com/2017/06/images/footerrssicon.html]
[myfreeinstagramfollowers.blogspot.com/2017/06/images/footerfacebookicon.html]
[myfreeinstagramfollowers.blogspot.com/2017/06/images/footertwittericon.html]
[myfreeinstagramfollowers.blogspot.com/2017/06/images/tumblricon.html]
[myfreeinstagramfollowers.blogspot.com/2017/06/images/pinteresticon.html]
[myfreeinstagramfollowers.blogspot.com/2017/06/images/vimeoicon.html]
[myfreeinstagramfollowers.blogspot.com/2017/06/images/youtubeicon.html]
[myfreeinstagramfollowers.blogspot.com/2017/06/images/linkedinicon.html]
[myfreeinstagramfollowers.blogspot.com/2017/06/images/footerbullets.html]
[myfreeinstagramfollowers.blogspot.com/2017/06/images/preloader-01.html]
[myfreeinstagramfollowers.blogspot.com/2017/06/images/index.html]
[myfreeinstagramfollowers.blogspot.com/2017/06/statcounter.com/counter/counter_xhtml.html]
[myfreeinstagramfollowers.blogspot.com/2017/06/bravenet.com/counter/code.html]
[www.blogger.com/dyn-css/authorizationf19c.css]
